// Jest Snapshot v1, https://goo.gl/fbAQLP

exports[`<404 /> renders correctly 1`] = `
<div
  className="section section"
>
  <div
    className=" inside"
  >
    <span
      className=" h1  "
      style={Object {}}
    >
      404. Not found.
    </span>
    <span
      className=" p  "
      style={Object {}}
    >
      Sorry, but the page you were trying to view does not exist.
    </span>
  </div>
</div>
`;
