// Jest Snapshot v1, https://goo.gl/fbAQLP

exports[`<404 /> renders correctly 1`] = `
<div
  style={
    Object {
      "alignItems": "center",
      "display": "flex",
      "flex": 1,
      "flexDirection": "column",
      "justifyContent": "center",
      "paddingBottom": 40,
      "paddingLeft": 10,
      "paddingRight": 10,
      "paddingTop": 40,
      "width": "100%",
    }
  }
>
  <div
    style={
      Object {
        "alignItems": "center",
        "display": "flex",
        "flexDirection": "column",
        "maxWidth": "calc(1000px + 22vw)",
        "overflowX": "hidden",
        "width": "100%",
      }
    }
  >
    <div
      style={
        Object {
          "alignItems": "flex-start",
          "display": "flex",
          "flexDirection": "column",
        }
      }
    >
      <h1
        style={
          Object {
            "fontSize": "2.5rem",
            "fontWeight": 800,
            "lineHeight": "1.2em",
            "marginBottom": 10,
          }
        }
      >
        404. Not found.
      </h1>
      <p
        style={
          Object {
            "fontSize": "1rem",
            "hyphens": "auto",
            "lineHeight": "1.8em",
            "marginBottom": 10,
            "wordWrap": "break-word",
          }
        }
      >
        Sorry, but the page you were trying to view does not exist.
      </p>
      <a
        href="/"
        onClick={[Function]}
        onMouseEnter={[Function]}
      >
        <div
          style={
            Object {
              "backgroundColor": "var(--accent-color)",
              "borderRadius": 5,
              "color": "#fff",
              "cursor": "pointer",
              "fontSize": "1.3rem",
              "padding": 10,
              "paddingLeft": 40,
              "paddingRight": 40,
            }
          }
        >
          Go to Home
        </div>
      </a>
    </div>
  </div>
</div>
`;
